{
	"0":"This form should not contain extra fields.",
	"name":[],
	"address":[],
	"comment":[]
}