{
	"firstname":["This value should not be blank."],
	"lastname":[],
	"title":[],
	"phone":[]
}