{
	"firstname":[],
	"lastname":["This value should not be blank."],
	"title":[],
	"phone":[]
}