{
	"firstname":[],
	"lastname":[],
	"title":[],
	"phone":["This value should not be blank."]
}