{
	"firstname":[],
	"lastname":[],
	"title":["This value should not be blank."],
	"phone":[]
}