{
	"name":[],
	"address":[],
	"comment":["Comment cannot be longer than 255 characters"]
}