{
	"name":["Name cannot be longer than 255 characters"],
	"address":[],
	"comment":[]
}