{"error":"The requested resource does not exists"}