{
	"firstname":[],
	"lastname":[],
	"title":["Title cannot be longer than 255 characters"],
	"phone":[]
}