{
	"0":"This form should not contain extra fields.",
    "firstname": [],
    "lastname": [],
    "title": [],
    "phone": []
}