{
	"id":"@integer@",
	"name":"everycheck",
	"address":"11 rue erard",
	"created_at":"@string@.isDateTime()",
	"comment":"best place to work at"
}
