{
	"name":["This value should not be blank."],
	"address":[],
	"comment":[]
}