{
	"name":[],
	"address":["Address cannot be longer than 255 characters"],
	"comment":[]
}