{
	"name":[],
	"address":["This value should not be blank."],
	"comment":[]
}