{
	"id":"@integer@",
	"firstname":"Leo",
	"lastname":"sok",
	"title":"project manager junior",
	"phone":"07777777777"
}