{
	"firstname":["Firstname cannot be longer than 255 characters"],
	"lastname":[],
	"title":[],
	"phone":[]
}