{
	"firstname":[],
	"lastname":["Lastname cannot be longer than 255 characters"],
	"title":[],
	"phone":[]
}