{
	"firstname":[],
	"lastname":[],
	"title":[],
	"phone":["Phone cannot be longer than 255 characters"]
}